
Merging program properties

Removed property 0xc0000002 to merge kernel/start.o (0x3) and kernel/kernel.o (not found)
Removed property 0xc0000002 to merge kernel/start.o (not found) and kernel/main.o (0x3)
Removed property 0xc0000002 to merge kernel/start.o (not found) and kernel/clock.o (0x3)
Removed property 0xc0000002 to merge kernel/start.o (not found) and kernel/keyboard.o (0x3)
Removed property 0xc0000002 to merge kernel/start.o (not found) and kernel/tty.o (0x3)
Removed property 0xc0000002 to merge kernel/start.o (not found) and kernel/console.o (0x3)
Removed property 0xc0000002 to merge kernel/start.o (not found) and kernel/i8259.o (0x3)
Removed property 0xc0000002 to merge kernel/start.o (not found) and kernel/global.o (0x3)
Removed property 0xc0000002 to merge kernel/start.o (not found) and kernel/protect.o (0x3)
Removed property 0xc0000002 to merge kernel/start.o (not found) and kernel/proc.o (0x3)
Removed property 0xc0000002 to merge kernel/start.o (not found) and kernel/systask.o (0x3)
Removed property 0xc0000002 to merge kernel/start.o (not found) and kernel/hd.o (0x3)
Removed property 0xc0000002 to merge kernel/start.o (not found) and lib/printf.o (0x3)
Removed property 0xc0000002 to merge kernel/start.o (not found) and lib/vsprintf.o (0x3)
Removed property 0xc0000002 to merge kernel/start.o (not found) and lib/klib.o (0x3)
Removed property 0xc0000002 to merge kernel/start.o (not found) and lib/misc.o (0x3)
Removed property 0xc0000002 to merge kernel/start.o (not found) and lib/ls.o (0x3)
Removed property 0xc0000002 to merge kernel/start.o (not found) and lib/open.o (0x3)
Removed property 0xc0000002 to merge kernel/start.o (not found) and lib/read.o (0x3)
Removed property 0xc0000002 to merge kernel/start.o (not found) and lib/write.o (0x3)
Removed property 0xc0000002 to merge kernel/start.o (not found) and lib/close.o (0x3)
Removed property 0xc0000002 to merge kernel/start.o (not found) and lib/unlink.o (0x3)
Removed property 0xc0000002 to merge kernel/start.o (not found) and lib/getpid.o (0x3)
Removed property 0xc0000002 to merge kernel/start.o (not found) and lib/syslog.o (0x3)
Removed property 0xc0000002 to merge kernel/start.o (not found) and lib/exit.o (0x3)
Removed property 0xc0000002 to merge kernel/start.o (not found) and lib/wait.o (0x3)
Removed property 0xc0000002 to merge kernel/start.o (not found) and fs/main.o (0x3)
Removed property 0xc0000002 to merge kernel/start.o (not found) and fs/open.o (0x3)
Removed property 0xc0000002 to merge kernel/start.o (not found) and fs/misc.o (0x3)
Removed property 0xc0000002 to merge kernel/start.o (not found) and fs/read_write.o (0x3)
Removed property 0xc0000002 to merge kernel/start.o (not found) and mm/main.o (0x3)
Removed property 0xc0000002 to merge kernel/start.o (not found) and mm/forkexit.o (0x3)
Removed property 0xc0000002 to merge kernel/start.o (not found) and fs/link.o (0x3)
Removed property 0xc0000002 to merge kernel/start.o (not found) and fs/disklog.o (0x3)
Removed property 0xc0000002 to merge kernel/start.o (not found) and user/app.o (0x3)
Removed property 0xc0000002 to merge kernel/start.o (not found) and user/system.o (0x3)

Allocating common symbols
Common symbol       size              file

idt_ptr             0x6               kernel/global.o
inode_table         0xb00             kernel/global.o
task_stack          0x24000           kernel/global.o
player              0x144             user/app.o
k_reenter           0x4               kernel/global.o
gdt                 0x400             kernel/global.o
current_console     0x4               kernel/global.o
pcaller             0x4               kernel/global.o
tty_table           0xc6c             kernel/global.o
tss                 0x68              kernel/global.o
fs_msg              0x30              kernel/global.o
memory_size         0x4               kernel/global.o
f_desc_table        0x400             kernel/global.o
root_inode          0x4               kernel/global.o
disp_pos            0x4               kernel/global.o
mm_msg              0x30              kernel/global.o
key_pressed         0x4               kernel/global.o
gdt_ptr             0x6               kernel/global.o
idt                 0x800             kernel/global.o
super_block         0x1e0             kernel/global.o
PARTITION_ENTRY     0x10              kernel/hd.o
ticks               0x4               kernel/global.o
sudoku_map          0x144             user/app.o
console_table       0x3c              kernel/global.o
map_copy            0x144             user/app.o
irq_table           0x40              kernel/global.o
p_proc_ready        0x4               kernel/global.o
proc_table          0x3b8c            kernel/global.o
status              0x144             user/app.o

Discarded input sections

 .group         0x0000000000000000        0x8 kernel/start.o
 .note.GNU-stack
                0x0000000000000000        0x0 kernel/start.o
 .note.gnu.property
                0x0000000000000000       0x1c kernel/start.o
 .group         0x0000000000000000        0x8 kernel/main.o
 .group         0x0000000000000000        0x8 kernel/main.o
 .text.__x86.get_pc_thunk.bx
                0x0000000000000000        0x4 kernel/main.o
 .note.GNU-stack
                0x0000000000000000        0x0 kernel/main.o
 .note.gnu.property
                0x0000000000000000       0x1c kernel/main.o
 .group         0x0000000000000000        0x8 kernel/clock.o
 .text.__x86.get_pc_thunk.bx
                0x0000000000000000        0x4 kernel/clock.o
 .note.GNU-stack
                0x0000000000000000        0x0 kernel/clock.o
 .note.gnu.property
                0x0000000000000000       0x1c kernel/clock.o
 .group         0x0000000000000000        0x8 kernel/keyboard.o
 .text.__x86.get_pc_thunk.bx
                0x0000000000000000        0x4 kernel/keyboard.o
 .note.GNU-stack
                0x0000000000000000        0x0 kernel/keyboard.o
 .note.gnu.property
                0x0000000000000000       0x1c kernel/keyboard.o
 .group         0x0000000000000000        0x8 kernel/tty.o
 .group         0x0000000000000000        0x8 kernel/tty.o
 .text.__x86.get_pc_thunk.ax
                0x0000000000000000        0x4 kernel/tty.o
 .text.__x86.get_pc_thunk.bx
                0x0000000000000000        0x4 kernel/tty.o
 .note.GNU-stack
                0x0000000000000000        0x0 kernel/tty.o
 .note.gnu.property
                0x0000000000000000       0x1c kernel/tty.o
 .group         0x0000000000000000        0x8 kernel/console.o
 .group         0x0000000000000000        0x8 kernel/console.o
 .group         0x0000000000000000        0x8 kernel/console.o
 .group         0x0000000000000000        0x8 kernel/console.o
 .text.__x86.get_pc_thunk.ax
                0x0000000000000000        0x4 kernel/console.o
 .text.__x86.get_pc_thunk.bx
                0x0000000000000000        0x4 kernel/console.o
 .note.GNU-stack
                0x0000000000000000        0x0 kernel/console.o
 .note.gnu.property
                0x0000000000000000       0x1c kernel/console.o
 .group         0x0000000000000000        0x8 kernel/i8259.o
 .text.__x86.get_pc_thunk.bx
                0x0000000000000000        0x4 kernel/i8259.o
 .note.GNU-stack
                0x0000000000000000        0x0 kernel/i8259.o
 .note.gnu.property
                0x0000000000000000       0x1c kernel/i8259.o
 .note.GNU-stack
                0x0000000000000000        0x0 kernel/global.o
 .note.gnu.property
                0x0000000000000000       0x1c kernel/global.o
 .group         0x0000000000000000        0x8 kernel/protect.o
 .group         0x0000000000000000        0x8 kernel/protect.o
 .text.__x86.get_pc_thunk.ax
                0x0000000000000000        0x4 kernel/protect.o
 .text.__x86.get_pc_thunk.bx
                0x0000000000000000        0x4 kernel/protect.o
 .note.GNU-stack
                0x0000000000000000        0x0 kernel/protect.o
 .note.gnu.property
                0x0000000000000000       0x1c kernel/protect.o
 .group         0x0000000000000000        0x8 kernel/proc.o
 .group         0x0000000000000000        0x8 kernel/proc.o
 .group         0x0000000000000000        0x8 kernel/proc.o
 .text.__x86.get_pc_thunk.ax
                0x0000000000000000        0x4 kernel/proc.o
 .text.__x86.get_pc_thunk.dx
                0x0000000000000000        0x4 kernel/proc.o
 .text.__x86.get_pc_thunk.bx
                0x0000000000000000        0x4 kernel/proc.o
 .note.GNU-stack
                0x0000000000000000        0x0 kernel/proc.o
 .note.gnu.property
                0x0000000000000000       0x1c kernel/proc.o
 .group         0x0000000000000000        0x8 kernel/systask.o
 .group         0x0000000000000000        0x8 kernel/systask.o
 .text.__x86.get_pc_thunk.ax
                0x0000000000000000        0x4 kernel/systask.o
 .text.__x86.get_pc_thunk.bx
                0x0000000000000000        0x4 kernel/systask.o
 .note.GNU-stack
                0x0000000000000000        0x0 kernel/systask.o
 .note.gnu.property
                0x0000000000000000       0x1c kernel/systask.o
 .group         0x0000000000000000        0x8 kernel/hd.o
 .group         0x0000000000000000        0x8 kernel/hd.o
 .text.__x86.get_pc_thunk.ax
                0x0000000000000000        0x4 kernel/hd.o
 .text.__x86.get_pc_thunk.bx
                0x0000000000000000        0x4 kernel/hd.o
 .note.GNU-stack
                0x0000000000000000        0x0 kernel/hd.o
 .note.gnu.property
                0x0000000000000000       0x1c kernel/hd.o
 .group         0x0000000000000000        0x8 lib/printf.o
 .text.__x86.get_pc_thunk.bx
                0x0000000000000000        0x4 lib/printf.o
 .note.GNU-stack
                0x0000000000000000        0x0 lib/printf.o
 .note.gnu.property
                0x0000000000000000       0x1c lib/printf.o
 .group         0x0000000000000000        0x8 lib/vsprintf.o
 .group         0x0000000000000000        0x8 lib/vsprintf.o
 .text.__x86.get_pc_thunk.ax
                0x0000000000000000        0x4 lib/vsprintf.o
 .text.__x86.get_pc_thunk.bx
                0x0000000000000000        0x4 lib/vsprintf.o
 .note.GNU-stack
                0x0000000000000000        0x0 lib/vsprintf.o
 .note.gnu.property
                0x0000000000000000       0x1c lib/vsprintf.o
 .group         0x0000000000000000        0x8 lib/klib.o
 .group         0x0000000000000000        0x8 lib/klib.o
 .text.__x86.get_pc_thunk.ax
                0x0000000000000000        0x4 lib/klib.o
 .text.__x86.get_pc_thunk.bx
                0x0000000000000000        0x4 lib/klib.o
 .note.GNU-stack
                0x0000000000000000        0x0 lib/klib.o
 .note.gnu.property
                0x0000000000000000       0x1c lib/klib.o
 .group         0x0000000000000000        0x8 lib/misc.o
 .group         0x0000000000000000        0x8 lib/misc.o
 .text.__x86.get_pc_thunk.ax
                0x0000000000000000        0x4 lib/misc.o
 .text.__x86.get_pc_thunk.bx
                0x0000000000000000        0x4 lib/misc.o
 .note.GNU-stack
                0x0000000000000000        0x0 lib/misc.o
 .note.gnu.property
                0x0000000000000000       0x1c lib/misc.o
 .group         0x0000000000000000        0x8 lib/ls.o
 .text.__x86.get_pc_thunk.bx
                0x0000000000000000        0x4 lib/ls.o
 .note.GNU-stack
                0x0000000000000000        0x0 lib/ls.o
 .note.gnu.property
                0x0000000000000000       0x1c lib/ls.o
 .group         0x0000000000000000        0x8 lib/open.o
 .text.__x86.get_pc_thunk.bx
                0x0000000000000000        0x4 lib/open.o
 .note.GNU-stack
                0x0000000000000000        0x0 lib/open.o
 .note.gnu.property
                0x0000000000000000       0x1c lib/open.o
 .group         0x0000000000000000        0x8 lib/read.o
 .text.__x86.get_pc_thunk.ax
                0x0000000000000000        0x4 lib/read.o
 .note.GNU-stack
                0x0000000000000000        0x0 lib/read.o
 .note.gnu.property
                0x0000000000000000       0x1c lib/read.o
 .group         0x0000000000000000        0x8 lib/write.o
 .text.__x86.get_pc_thunk.ax
                0x0000000000000000        0x4 lib/write.o
 .note.GNU-stack
                0x0000000000000000        0x0 lib/write.o
 .note.gnu.property
                0x0000000000000000       0x1c lib/write.o
 .group         0x0000000000000000        0x8 lib/close.o
 .text.__x86.get_pc_thunk.ax
                0x0000000000000000        0x4 lib/close.o
 .note.GNU-stack
                0x0000000000000000        0x0 lib/close.o
 .note.gnu.property
                0x0000000000000000       0x1c lib/close.o
 .group         0x0000000000000000        0x8 lib/unlink.o
 .text.__x86.get_pc_thunk.bx
                0x0000000000000000        0x4 lib/unlink.o
 .note.GNU-stack
                0x0000000000000000        0x0 lib/unlink.o
 .note.gnu.property
                0x0000000000000000       0x1c lib/unlink.o
 .group         0x0000000000000000        0x8 lib/getpid.o
 .text.__x86.get_pc_thunk.bx
                0x0000000000000000        0x4 lib/getpid.o
 .note.GNU-stack
                0x0000000000000000        0x0 lib/getpid.o
 .note.gnu.property
                0x0000000000000000       0x1c lib/getpid.o
 .group         0x0000000000000000        0x8 lib/syslog.o
 .text.__x86.get_pc_thunk.bx
                0x0000000000000000        0x4 lib/syslog.o
 .note.GNU-stack
                0x0000000000000000        0x0 lib/syslog.o
 .note.gnu.property
                0x0000000000000000       0x1c lib/syslog.o
 .group         0x0000000000000000        0x8 lib/exit.o
 .text.__x86.get_pc_thunk.bx
                0x0000000000000000        0x4 lib/exit.o
 .note.GNU-stack
                0x0000000000000000        0x0 lib/exit.o
 .note.gnu.property
                0x0000000000000000       0x1c lib/exit.o
 .group         0x0000000000000000        0x8 lib/wait.o
 .text.__x86.get_pc_thunk.ax
                0x0000000000000000        0x4 lib/wait.o
 .note.GNU-stack
                0x0000000000000000        0x0 lib/wait.o
 .note.gnu.property
                0x0000000000000000       0x1c lib/wait.o
 .group         0x0000000000000000        0x8 fs/main.o
 .group         0x0000000000000000        0x8 fs/main.o
 .text.__x86.get_pc_thunk.ax
                0x0000000000000000        0x4 fs/main.o
 .text.__x86.get_pc_thunk.bx
                0x0000000000000000        0x4 fs/main.o
 .note.GNU-stack
                0x0000000000000000        0x0 fs/main.o
 .note.gnu.property
                0x0000000000000000       0x1c fs/main.o
 .group         0x0000000000000000        0x8 fs/open.o
 .group         0x0000000000000000        0x8 fs/open.o
 .text.__x86.get_pc_thunk.ax
                0x0000000000000000        0x4 fs/open.o
 .text.__x86.get_pc_thunk.bx
                0x0000000000000000        0x4 fs/open.o
 .note.GNU-stack
                0x0000000000000000        0x0 fs/open.o
 .note.gnu.property
                0x0000000000000000       0x1c fs/open.o
 .group         0x0000000000000000        0x8 fs/misc.o
 .group         0x0000000000000000        0x8 fs/misc.o
 .text.__x86.get_pc_thunk.ax
                0x0000000000000000        0x4 fs/misc.o
 .text.__x86.get_pc_thunk.bx
                0x0000000000000000        0x4 fs/misc.o
 .note.GNU-stack
                0x0000000000000000        0x0 fs/misc.o
 .note.gnu.property
                0x0000000000000000       0x1c fs/misc.o
 .group         0x0000000000000000        0x8 fs/read_write.o
 .text.__x86.get_pc_thunk.bx
                0x0000000000000000        0x4 fs/read_write.o
 .note.GNU-stack
                0x0000000000000000        0x0 fs/read_write.o
 .note.gnu.property
                0x0000000000000000       0x1c fs/read_write.o
 .group         0x0000000000000000        0x8 mm/main.o
 .group         0x0000000000000000        0x8 mm/main.o
 .text.__x86.get_pc_thunk.ax
                0x0000000000000000        0x4 mm/main.o
 .text.__x86.get_pc_thunk.bx
                0x0000000000000000        0x4 mm/main.o
 .note.GNU-stack
                0x0000000000000000        0x0 mm/main.o
 .note.gnu.property
                0x0000000000000000       0x1c mm/main.o
 .group         0x0000000000000000        0x8 mm/forkexit.o
 .text.__x86.get_pc_thunk.bx
                0x0000000000000000        0x4 mm/forkexit.o
 .note.GNU-stack
                0x0000000000000000        0x0 mm/forkexit.o
 .note.gnu.property
                0x0000000000000000       0x1c mm/forkexit.o
 .group         0x0000000000000000        0x8 fs/link.o
 .group         0x0000000000000000        0x8 fs/link.o
 .text.__x86.get_pc_thunk.ax
                0x0000000000000000        0x4 fs/link.o
 .text.__x86.get_pc_thunk.bx
                0x0000000000000000        0x4 fs/link.o
 .note.GNU-stack
                0x0000000000000000        0x0 fs/link.o
 .note.gnu.property
                0x0000000000000000       0x1c fs/link.o
 .group         0x0000000000000000        0x8 fs/disklog.o
 .text.__x86.get_pc_thunk.bx
                0x0000000000000000        0x4 fs/disklog.o
 .note.GNU-stack
                0x0000000000000000        0x0 fs/disklog.o
 .note.gnu.property
                0x0000000000000000       0x1c fs/disklog.o
 .group         0x0000000000000000        0x8 user/app.o
 .group         0x0000000000000000        0x8 user/app.o
 .group         0x0000000000000000        0x8 user/app.o
 .group         0x0000000000000000        0x8 user/app.o
 .text.__x86.get_pc_thunk.ax
                0x0000000000000000        0x4 user/app.o
 .text.__x86.get_pc_thunk.dx
                0x0000000000000000        0x4 user/app.o
 .text.__x86.get_pc_thunk.bx
                0x0000000000000000        0x4 user/app.o
 .note.GNU-stack
                0x0000000000000000        0x0 user/app.o
 .note.gnu.property
                0x0000000000000000       0x1c user/app.o
 .group         0x0000000000000000        0x8 user/system.o
 .text.__x86.get_pc_thunk.bx
                0x0000000000000000        0x4 user/system.o
 .note.GNU-stack
                0x0000000000000000        0x0 user/system.o
 .note.gnu.property
                0x0000000000000000       0x1c user/system.o

Memory Configuration

Name             Origin             Length             Attributes
*default*        0x0000000000000000 0xffffffffffffffff

Linker script and memory map

Address of section .text set to 0x1000
LOAD kernel/kernel.o
LOAD lib/syscall.o
LOAD kernel/start.o
LOAD kernel/main.o
LOAD kernel/clock.o
LOAD kernel/keyboard.o
LOAD kernel/tty.o
LOAD kernel/console.o
LOAD kernel/i8259.o
LOAD kernel/global.o
LOAD kernel/protect.o
LOAD kernel/proc.o
LOAD kernel/systask.o
LOAD kernel/hd.o
LOAD lib/printf.o
LOAD lib/vsprintf.o
LOAD lib/kliba.o
LOAD lib/klib.o
LOAD lib/string.o
LOAD lib/misc.o
LOAD lib/ls.o
LOAD lib/open.o
LOAD lib/read.o
LOAD lib/write.o
LOAD lib/close.o
LOAD lib/unlink.o
LOAD lib/getpid.o
LOAD lib/syslog.o
LOAD lib/exit.o
LOAD lib/wait.o
LOAD fs/main.o
LOAD fs/open.o
LOAD fs/misc.o
LOAD fs/read_write.o
LOAD mm/main.o
LOAD mm/forkexit.o
LOAD fs/link.o
LOAD fs/disklog.o
LOAD user/app.o
LOAD user/system.o
                [!provide]                        PROVIDE (__executable_start = SEGMENT_START ("text-segment", 0x8048000))
                0x00000000080480d4                . = (SEGMENT_START ("text-segment", 0x8048000) + SIZEOF_HEADERS)

.interp
 *(.interp)

.note.gnu.build-id
 *(.note.gnu.build-id)

.hash
 *(.hash)

.gnu.hash
 *(.gnu.hash)

.dynsym
 *(.dynsym)

.dynstr
 *(.dynstr)

.gnu.version
 *(.gnu.version)

.gnu.version_d
 *(.gnu.version_d)

.gnu.version_r
 *(.gnu.version_r)

.rel.dyn        0x00000000080480d4        0x0
 *(.rel.init)
 *(.rel.text .rel.text.* .rel.gnu.linkonce.t.*)
 .rel.text      0x00000000080480d4        0x0 kernel/kernel.o
 *(.rel.fini)
 *(.rel.rodata .rel.rodata.* .rel.gnu.linkonce.r.*)
 *(.rel.data.rel.ro .rel.data.rel.ro.* .rel.gnu.linkonce.d.rel.ro.*)
 *(.rel.data .rel.data.* .rel.gnu.linkonce.d.*)
 *(.rel.tdata .rel.tdata.* .rel.gnu.linkonce.td.*)
 *(.rel.tbss .rel.tbss.* .rel.gnu.linkonce.tb.*)
 *(.rel.ctors)
 *(.rel.dtors)
 *(.rel.got)
 .rel.got       0x00000000080480d4        0x0 kernel/kernel.o
 *(.rel.bss .rel.bss.* .rel.gnu.linkonce.b.*)
 *(.rel.ifunc)

.rel.plt        0x00000000080480d4        0x0
 *(.rel.plt)
                [!provide]                        PROVIDE (__rel_iplt_start = .)
 *(.rel.iplt)
 .rel.iplt      0x00000000080480d4        0x0 kernel/kernel.o
                [!provide]                        PROVIDE (__rel_iplt_end = .)
                0x0000000008049000                . = ALIGN (CONSTANT (MAXPAGESIZE))

.init
 *(SORT_NONE(.init))

.plt            0x0000000008049000        0x0
 *(.plt)
 *(.iplt)
 .iplt          0x0000000008049000        0x0 kernel/kernel.o

.plt.got
 *(.plt.got)

.plt.sec
 *(.plt.sec)

.text           0x0000000000001000    0x15c2d
 *(.text.unlikely .text.*_unlikely .text.unlikely.*)
 *(.text.exit .text.exit.*)
 *(.text.startup .text.startup.*)
 *(.text.hot .text.hot.*)
 *(SORT_BY_NAME(.text.sorted.*))
 *(.text .stub .text.* .gnu.linkonce.t.*)
 .text          0x0000000000001000      0x410 kernel/kernel.o
                0x0000000000001000                _start
                0x0000000000001040                hwint00
                0x0000000000001070                hwint01
                0x00000000000010a0                hwint02
                0x00000000000010d0                hwint03
                0x0000000000001100                hwint04
                0x0000000000001130                hwint05
                0x0000000000001160                hwint06
                0x0000000000001190                hwint07
                0x00000000000011c0                hwint08
                0x00000000000011f0                hwint09
                0x0000000000001220                hwint10
                0x0000000000001250                hwint11
                0x0000000000001280                hwint12
                0x00000000000012b0                hwint13
                0x00000000000012e0                hwint14
                0x0000000000001310                hwint15
                0x0000000000001334                divide_error
                0x000000000000133a                single_step_exception
                0x0000000000001340                nmi
                0x0000000000001346                breakpoint_exception
                0x000000000000134c                overflow
                0x0000000000001352                bounds_check
                0x0000000000001358                inval_opcode
                0x000000000000135e                copr_not_available
                0x0000000000001364                double_fault
                0x0000000000001368                copr_seg_overrun
                0x000000000000136e                inval_tss
                0x0000000000001372                segment_not_present
                0x0000000000001376                stack_exception
                0x000000000000137a                general_protection
                0x000000000000137e                page_fault
                0x0000000000001382                copr_error
                0x00000000000013cb                sys_call
                0x00000000000013eb                restart
 .text          0x0000000000001410       0x28 lib/syscall.o
                0x0000000000001410                sendrec
                0x000000000000142a                printx
 .text          0x0000000000001438       0xc7 kernel/start.o
                0x0000000000001438                cstart
 .text.__x86.get_pc_thunk.bx
                0x00000000000014ff        0x4 kernel/start.o
                0x00000000000014ff                __x86.get_pc_thunk.bx
 .text          0x0000000000001503     0x25e6 kernel/main.o
                0x0000000000001503                kernel_main
                0x0000000000001861                get_ticks
                0x00000000000018a8                clear
                0x0000000000001934                TestA
                0x0000000000001cdc                copyStr
                0x0000000000001d71                noSuchCom
                0x0000000000001f1e                anim
                0x0000000000003704                commandList
                0x00000000000038b8                gameList
                0x0000000000003a65                TestB
                0x0000000000003a78                TestC
                0x0000000000003a8b                panic
 .text.__x86.get_pc_thunk.ax
                0x0000000000003ae9        0x4 kernel/main.o
                0x0000000000003ae9                __x86.get_pc_thunk.ax
 .text          0x0000000000003aed      0x154 kernel/clock.o
                0x0000000000003aed                clock_handler
                0x0000000000003b95                milli_delay
                0x0000000000003bd4                init_clock
 .text          0x0000000000003c41      0x7bc kernel/keyboard.o
                0x0000000000003c41                keyboard_handler
                0x0000000000003cca                init_keyboard
                0x0000000000003d98                keyboard_read
 .text          0x00000000000043fd      0xb85 kernel/tty.o
                0x00000000000043fd                task_tty
                0x0000000000004634                in_process
                0x0000000000004c1e                sys_printx
                0x0000000000004dec                dump_tty_buf
 .text          0x0000000000004f82      0x8b4 kernel/console.o
                0x0000000000004f82                init_screen
                0x0000000000005117                out_char
                0x00000000000053d9                clear_screen
                0x0000000000005422                is_current_console
                0x000000000000554f                select_console
                0x00000000000055a6                scroll_screen
 .text.__x86.get_pc_thunk.dx
                0x0000000000005836        0x4 kernel/console.o
                0x0000000000005836                __x86.get_pc_thunk.dx
 .text.__x86.get_pc_thunk.cx
                0x000000000000583a        0x4 kernel/console.o
                0x000000000000583a                __x86.get_pc_thunk.cx
 .text          0x000000000000583e      0x174 kernel/i8259.o
                0x000000000000583e                init_8259A
                0x000000000000592b                spurious_irq
                0x0000000000005979                put_irq_handler
 .text          0x00000000000059b2        0x0 kernel/global.o
 .text          0x00000000000059b2      0x72a kernel/protect.o
                0x00000000000059b2                init_prot
                0x0000000000005ea6                seg2linear
                0x0000000000005f06                init_desc
                0x0000000000005f81                exception_handler
 .text          0x00000000000060dc     0x1926 kernel/proc.o
                0x00000000000060dc                schedule
                0x0000000000006195                sys_sendrec
                0x00000000000062e2                send_recv
                0x00000000000063ba                ldt_seg_linear
                0x0000000000006412                va2la
                0x000000000000648f                reset_msg
                0x00000000000073a7                inform_int
                0x0000000000007558                dump_proc
                0x00000000000078cd                dump_msg
 .text          0x0000000000007a02      0x2fc kernel/systask.o
                0x0000000000007a02                task_sys
 .text          0x0000000000007cfe      0xfde kernel/hd.o
                0x0000000000007cfe                task_hd
                0x0000000000008c9d                hd_handler
 .text          0x0000000000008cdc       0xd9 lib/printf.o
                0x0000000000008cdc                printf
                0x0000000000008d60                printl
 .text          0x0000000000008db5      0x340 lib/vsprintf.o
                0x0000000000008e29                vsprintf
                0x00000000000090c1                sprintf
 *fill*         0x00000000000090f5        0xb 
 .text          0x0000000000009100      0x19a lib/kliba.o
                0x0000000000009100                disp_str
                0x000000000000913e                disp_color_str
                0x000000000000917d                out_byte
                0x0000000000009189                in_byte
                0x0000000000009193                port_read
                0x00000000000091a6                port_write
                0x00000000000091b9                disable_irq
                0x00000000000091ee                enable_irq
                0x000000000000920d                disable_int
                0x000000000000920f                enable_int
                0x0000000000009211                glitter
 .text          0x000000000000929a      0x31b lib/klib.o
                0x000000000000929a                get_boot_params
                0x0000000000009341                get_kernel_map
                0x000000000000946c                itoa
                0x0000000000009525                disp_int
                0x000000000000955f                delay
 *fill*         0x00000000000095b5        0xb 
 .text          0x00000000000095c0       0x78 lib/string.o
                0x00000000000095c0                memcpy
                0x00000000000095e9                memset
                0x000000000000960a                strcpy
                0x0000000000009622                strlen
 .text          0x0000000000009638      0x1e8 lib/misc.o
                0x0000000000009638                memcmp
                0x00000000000096b8                strcmp
                0x0000000000009735                strcat
                0x00000000000097a2                spin
                0x00000000000097d0                assertion_failure
 .text          0x0000000000009820       0x76 lib/ls.o
                0x0000000000009820                ls
 .text          0x0000000000009896       0x7c lib/open.o
                0x0000000000009896                open
 .text          0x0000000000009912       0x4b lib/read.o
                0x0000000000009912                read
 .text          0x000000000000995d       0x4b lib/write.o
                0x000000000000995d                write
 .text          0x00000000000099a8       0x3f lib/close.o
                0x00000000000099a8                close
 .text          0x00000000000099e7       0x4f lib/unlink.o
                0x00000000000099e7                unlink
 .text          0x0000000000009a36       0x5f lib/getpid.o
                0x0000000000009a36                getpid
 .text          0x0000000000009a95       0x88 lib/syslog.o
                0x0000000000009a95                syslog
 .text          0x0000000000009b1d       0x63 lib/exit.o
                0x0000000000009b1d                exit
 .text          0x0000000000009b80       0x50 lib/wait.o
                0x0000000000009b80                wait
 .text          0x0000000000009bd0      0xfe6 fs/main.o
                0x0000000000009bd0                task_fs
                0x000000000000a575                rw_sector
                0x000000000000a7d2                get_super_block
                0x000000000000a838                get_inode
                0x000000000000a9be                put_inode
                0x000000000000a9eb                sync_inode
 .text          0x000000000000abb6      0xcfd fs/open.o
                0x000000000000abb6                do_open
                0x000000000000b083                do_close
                0x000000000000b121                do_ls
                0x000000000000b21f                do_lseek
 .text          0x000000000000b8b3      0x5ba fs/misc.o
                0x000000000000b8b3                get_file
                0x000000000000ba51                get_list
                0x000000000000bc53                search_file
                0x000000000000bd3e                strip_path
 .text          0x000000000000be6d      0x585 fs/read_write.o
                0x000000000000be6d                do_rdwt
 .text          0x000000000000c3f2      0x205 mm/main.o
                0x000000000000c3f2                task_mm
                0x000000000000c544                alloc_mem
                0x000000000000c5df                free_mem
 .text          0x000000000000c5f7      0x507 mm/forkexit.o
                0x000000000000c5f7                do_exit
                0x000000000000c999                do_wait
 .text          0x000000000000cafe     0x1180 fs/link.o
                0x000000000000cafe                get_Absolute
                0x000000000000cba4                do_unlink
                0x000000000000d4c8                do_dir_unlink
 .text          0x000000000000dc7e     0x21db fs/disklog.o
                0x000000000000dc7e                disklog
                0x000000000000e22e                dump_fd_graph
 .text          0x000000000000fe59     0x5b02 user/app.o
                0x000000000000fe59                rand
                0x000000000000fe92                srand
                0x000000000000feaf                isleap
                0x000000000000ff21                max_day
                0x000000000000ffac                total_day
                0x000000000000ffff                weekday
                0x00000000000100b1                display_week
                0x00000000000101d2                display_month
                0x0000000000010317                calendar_main
                0x0000000000010529                calendar_intro
                0x00000000000106d6                isEmpty_num
                0x00000000000106f8                num_stack_push
                0x000000000001072b                num_stack_pop
                0x000000000001079b                num_clear
                0x00000000000107da                isEmpty_op
                0x00000000000107fc                op_stack_push
                0x0000000000010839                op_stack_pop
                0x00000000000108a8                op_stack_top
                0x00000000000108dc                op_stack_clear
                0x0000000000010918                isEmpty_bucket
                0x000000000001093a                bucket_stack_push
                0x0000000000010977                bucket_stack_pop
                0x00000000000109c7                bucket_clear
                0x0000000000010a03                priorityInStack
                0x0000000000010a5d                priorityOutStack
                0x0000000000010ab7                addEndTag
                0x0000000000010afe                isOp
                0x0000000000010b50                isSingleNum
                0x0000000000010b84                isNum
                0x0000000000010c07                transNext
                0x0000000000010d4a                operate
                0x0000000000010db4                calculate
                0x0000000000010e65                advanceCalculate
                0x0000000000011168                checkBuckets
                0x0000000000011203                checkOp
                0x00000000000112b6                advcCal
                0x00000000000113ae                calculator_main
                0x0000000000011622                get_option
                0x000000000001174e                print_result
                0x00000000000117c8                calculator_list
                0x0000000000011975                bwchess_main
                0x0000000000011f28                Show
                0x0000000000012101                Exa
                0x000000000001231b                Print
                0x0000000000012502                CalSore
                0x00000000000125ad                Hint
                0x00000000000126f8                Foeplay
                0x00000000000128cf                bwchess_list
                0x0000000000012a7c                bwchess_intro
                0x0000000000012c29                carrycraft_main
                0x000000000001352f                drawmain
                0x000000000001366e                win
                0x00000000000136f8                craft_list
                0x00000000000138a0                get_start
                0x0000000000013990                is_legal
                0x0000000000013b0d                dfs
                0x0000000000013bf4                get_map
                0x0000000000013c25                copy_map
                0x0000000000013d53                print_map
                0x0000000000013f03                check_win
                0x0000000000013f8b                sudoku_main
                0x00000000000143b4                sudoku_list
                0x0000000000014561                ticTacToe_main
                0x0000000000014ac2                ticTacToe_list
                0x0000000000014c6f                mine_list
                0x0000000000014e1c                InitBoard
                0x0000000000014e90                DispalyBoard
                0x0000000000014f79                SetMine
                0x0000000000015000                ShowMineCount
                0x000000000001527d                FindMine
                0x00000000000154ba                menu
                0x0000000000015530                game
                0x0000000000015626                mine_main
                0x00000000000156af                sleep_list
                0x000000000001585a                sleep
 .text.__x86.get_pc_thunk.si
                0x000000000001595b        0x4 user/app.o
                0x000000000001595b                __x86.get_pc_thunk.si
 .text          0x000000000001595f     0x12ce user/system.o
                0x000000000001595f                processManage
                0x0000000000015ac3                runFileManage
                0x0000000000015ef2                fsComList
                0x0000000000015ffd                fs_welcome
                0x00000000000161aa                cmd_ls
                0x0000000000016240                cd
                0x0000000000016442                mkdir
                0x000000000001658a                touch
                0x00000000000166d2                rm
                0x000000000001680e                wt
                0x00000000000169de                rd
                0x0000000000016b60                display_file
 *(.gnu.warning)

.fini
 *(SORT_NONE(.fini))
                [!provide]                        PROVIDE (__etext = .)
                [!provide]                        PROVIDE (_etext = .)
                [!provide]                        PROVIDE (etext = .)
                0x0000000000017000                . = ALIGN (CONSTANT (MAXPAGESIZE))
                0x0000000000017000                . = SEGMENT_START ("rodata-segment", (ALIGN (CONSTANT (MAXPAGESIZE)) + (. & (CONSTANT (MAXPAGESIZE) - 0x1))))

.rodata         0x0000000000017000     0x7ed9
 *(.rodata .rodata.* .gnu.linkonce.r.*)
 .rodata        0x0000000000017000       0x47 kernel/start.o
 *fill*         0x0000000000017047        0x1 
 .rodata        0x0000000000017048     0x23d4 kernel/main.o
 .rodata        0x000000000001941c       0x64 kernel/keyboard.o
 .rodata        0x0000000000019480      0x168 kernel/tty.o
 .rodata        0x00000000000195e8       0x5b kernel/console.o
 .rodata        0x0000000000019643       0x11 kernel/i8259.o
 .rodata        0x0000000000019654       0x10 kernel/global.o
                0x0000000000019654                FSBUF_SIZE
                0x0000000000019658                MMBUF_SIZE
                0x000000000001965c                LOGBUF_SIZE
                0x0000000000019660                LOGDISKBUF_SIZE
 *fill*         0x0000000000019664       0x1c 
 .rodata        0x0000000000019680      0x580 kernel/protect.o
 .rodata        0x0000000000019c00      0x5b2 kernel/proc.o
 .rodata        0x000000000001a1b2       0x11 kernel/systask.o
 *fill*         0x000000000001a1c3        0x1 
 .rodata        0x000000000001a1c4      0x1c7 kernel/hd.o
 .rodata        0x000000000001a38b       0x14 lib/printf.o
 *fill*         0x000000000001a39f        0x1 
 .rodata        0x000000000001a3a0       0x66 lib/klib.o
 *fill*         0x000000000001a406        0x2 
 .rodata        0x000000000001a408       0x61 lib/misc.o
 .rodata        0x000000000001a469       0x21 lib/ls.o
 .rodata        0x000000000001a48a       0x23 lib/open.o
 .rodata        0x000000000001a4ad       0x25 lib/getpid.o
 .rodata        0x000000000001a4d2       0x1e lib/syslog.o
 .rodata        0x000000000001a4f0       0x23 lib/exit.o
 *fill*         0x000000000001a513        0x1 
 .rodata        0x000000000001a514      0x254 fs/main.o
 .rodata        0x000000000001a768      0x10f fs/open.o
 .rodata        0x000000000001a877       0x29 fs/misc.o
 .rodata        0x000000000001a8a0      0x184 fs/read_write.o
 .rodata        0x000000000001aa24       0xb1 mm/main.o
 *fill*         0x000000000001aad5        0x3 
 .rodata        0x000000000001aad8      0x26b mm/forkexit.o
 *fill*         0x000000000001ad43        0x1 
 .rodata        0x000000000001ad44      0x1e2 fs/link.o
 *fill*         0x000000000001af26        0x2 
 .rodata        0x000000000001af28      0x7b3 fs/disklog.o
 *fill*         0x000000000001b6db        0x5 
 .rodata        0x000000000001b6e0     0x29c4 user/app.o
 .rodata        0x000000000001e0a4      0xe35 user/system.o

.rodata1
 *(.rodata1)

.eh_frame_hdr
 *(.eh_frame_hdr)
 *(.eh_frame_entry .eh_frame_entry.*)

.eh_frame       0x000000000001eedc     0x20f4
 *(.eh_frame)
 .eh_frame      0x000000000001eedc       0x50 kernel/start.o
 .eh_frame      0x000000000001ef2c      0x1a4 kernel/main.o
                                        0x1d0 (size before relaxing)
 .eh_frame      0x000000000001f0d0       0x6c kernel/clock.o
                                         0x98 (size before relaxing)
 .eh_frame      0x000000000001f13c       0xfc kernel/keyboard.o
                                        0x128 (size before relaxing)
 .eh_frame      0x000000000001f238      0x15c kernel/tty.o
                                        0x19c (size before relaxing)
 .eh_frame      0x000000000001f394      0x180 kernel/console.o
                                        0x1c0 (size before relaxing)
 .eh_frame      0x000000000001f514       0x6c kernel/i8259.o
                                         0x98 (size before relaxing)
 .eh_frame      0x000000000001f580       0xb8 kernel/protect.o
                                         0xf8 (size before relaxing)
 .eh_frame      0x000000000001f638      0x20c kernel/proc.o
                                        0x260 (size before relaxing)
 .eh_frame      0x000000000001f844       0x64 kernel/systask.o
                                         0xa4 (size before relaxing)
 .eh_frame      0x000000000001f8a8      0x22c kernel/hd.o
                                        0x26c (size before relaxing)
 .eh_frame      0x000000000001fad4       0x48 lib/printf.o
                                         0x74 (size before relaxing)
 .eh_frame      0x000000000001fb1c       0x68 lib/vsprintf.o
                                         0xa8 (size before relaxing)
 .eh_frame      0x000000000001fb84       0xac lib/klib.o
                                         0xec (size before relaxing)
 .eh_frame      0x000000000001fc30       0xa0 lib/misc.o
                                         0xe0 (size before relaxing)
 .eh_frame      0x000000000001fcd0       0x24 lib/ls.o
                                         0x50 (size before relaxing)
 .eh_frame      0x000000000001fcf4       0x24 lib/open.o
                                         0x50 (size before relaxing)
 .eh_frame      0x000000000001fd18       0x24 lib/read.o
                                         0x50 (size before relaxing)
 .eh_frame      0x000000000001fd3c       0x24 lib/write.o
                                         0x50 (size before relaxing)
 .eh_frame      0x000000000001fd60       0x24 lib/close.o
                                         0x50 (size before relaxing)
 .eh_frame      0x000000000001fd84       0x24 lib/unlink.o
                                         0x50 (size before relaxing)
 .eh_frame      0x000000000001fda8       0x24 lib/getpid.o
                                         0x50 (size before relaxing)
 .eh_frame      0x000000000001fdcc       0x24 lib/syslog.o
                                         0x50 (size before relaxing)
 .eh_frame      0x000000000001fdf0       0x24 lib/exit.o
                                         0x50 (size before relaxing)
 .eh_frame      0x000000000001fe14       0x24 lib/wait.o
                                         0x50 (size before relaxing)
 .eh_frame      0x000000000001fe38      0x16c fs/main.o
                                        0x1ac (size before relaxing)
 .eh_frame      0x000000000001ffa4      0x164 fs/open.o
                                        0x1a4 (size before relaxing)
 .eh_frame      0x0000000000020108       0x90 fs/misc.o
                                         0xd0 (size before relaxing)
 .eh_frame      0x0000000000020198       0x30 fs/read_write.o
                                         0x5c (size before relaxing)
 .eh_frame      0x00000000000201c8       0x84 mm/main.o
                                         0xc4 (size before relaxing)
 .eh_frame      0x000000000002024c       0x6c mm/forkexit.o
                                         0x98 (size before relaxing)
 .eh_frame      0x00000000000202b8       0x80 fs/link.o
                                         0xc0 (size before relaxing)
 .eh_frame      0x0000000000020338       0x60 fs/disklog.o
                                         0x8c (size before relaxing)
 .eh_frame      0x0000000000020398      0xa74 user/app.o
                                        0xac8 (size before relaxing)
 .eh_frame      0x0000000000020e0c      0x1c4 user/system.o
                                        0x1f0 (size before relaxing)
 *(.eh_frame.*)

.gcc_except_table
 *(.gcc_except_table .gcc_except_table.*)

.gnu_extab
 *(.gnu_extab*)

.exception_ranges
 *(.exception_ranges*)
                0x0000000000022000                . = DATA_SEGMENT_ALIGN (CONSTANT (MAXPAGESIZE), CONSTANT (COMMONPAGESIZE))

.eh_frame
 *(.eh_frame)
 *(.eh_frame.*)

.gnu_extab
 *(.gnu_extab)

.gcc_except_table
 *(.gcc_except_table .gcc_except_table.*)

.exception_ranges
 *(.exception_ranges*)

.tdata          0x0000000000022000        0x0
                [!provide]                        PROVIDE (__tdata_start = .)
 *(.tdata .tdata.* .gnu.linkonce.td.*)

.tbss
 *(.tbss .tbss.* .gnu.linkonce.tb.*)
 *(.tcommon)

.preinit_array  0x0000000000022000        0x0
                [!provide]                        PROVIDE (__preinit_array_start = .)
 *(.preinit_array)
                [!provide]                        PROVIDE (__preinit_array_end = .)

.init_array     0x0000000000022000        0x0
                [!provide]                        PROVIDE (__init_array_start = .)
 *(SORT_BY_INIT_PRIORITY(.init_array.*) SORT_BY_INIT_PRIORITY(.ctors.*))
 *(.init_array EXCLUDE_FILE(*crtend?.o *crtend.o *crtbegin?.o *crtbegin.o) .ctors)
                [!provide]                        PROVIDE (__init_array_end = .)

.fini_array     0x0000000000022000        0x0
                [!provide]                        PROVIDE (__fini_array_start = .)
 *(SORT_BY_INIT_PRIORITY(.fini_array.*) SORT_BY_INIT_PRIORITY(.dtors.*))
 *(.fini_array EXCLUDE_FILE(*crtend?.o *crtend.o *crtbegin?.o *crtbegin.o) .dtors)
                [!provide]                        PROVIDE (__fini_array_end = .)

.ctors
 *crtbegin.o(.ctors)
 *crtbegin?.o(.ctors)
 *(EXCLUDE_FILE(*crtend?.o *crtend.o) .ctors)
 *(SORT_BY_NAME(.ctors.*))
 *(.ctors)

.dtors
 *crtbegin.o(.dtors)
 *crtbegin?.o(.dtors)
 *(EXCLUDE_FILE(*crtend?.o *crtend.o) .dtors)
 *(SORT_BY_NAME(.dtors.*))
 *(.dtors)

.jcr
 *(.jcr)

.data.rel.ro
 *(.data.rel.ro.local* .gnu.linkonce.d.rel.ro.local.*)
 *(.data.rel.ro .data.rel.ro.* .gnu.linkonce.d.rel.ro.*)

.dynamic
 *(.dynamic)

.got            0x0000000000022000        0x0
 *(.got)
 .got           0x0000000000022000        0x0 kernel/kernel.o
 *(.igot)
                0x0000000000022ff4                . = DATA_SEGMENT_RELRO_END (., (SIZEOF (.got.plt) >= 0xc)?0xc:0x0)

.got.plt        0x0000000000022000        0xc
 *(.got.plt)
 .got.plt       0x0000000000022000        0xc kernel/kernel.o
                0x0000000000022000                _GLOBAL_OFFSET_TABLE_
 *(.igot.plt)
 .igot.plt      0x000000000002200c        0x0 kernel/kernel.o

.data           0x0000000000022020      0xa4c
 *(.data .data.* .gnu.linkonce.d.*)
 .data          0x0000000000022020        0x2 kernel/kernel.o
 .data          0x0000000000022022        0x0 kernel/start.o
 .data          0x0000000000022022        0x0 kernel/main.o
 .data          0x0000000000022022        0x0 kernel/clock.o
 *fill*         0x0000000000022022       0x1e 
 .data          0x0000000000022040      0x600 kernel/keyboard.o
                0x0000000000022040                keymap
 .data          0x0000000000022640       0x22 kernel/tty.o
 .data          0x0000000000022662        0x0 kernel/console.o
 .data          0x0000000000022662        0x0 kernel/i8259.o
 *fill*         0x0000000000022662        0x2 
 .data          0x0000000000022664       0x28 kernel/global.o
                0x0000000000022664                dd_map
                0x000000000002267c                fsbuf
                0x0000000000022680                mmbuf
                0x0000000000022684                logbuf
                0x0000000000022688                logdiskbuf
 *fill*         0x000000000002268c       0x14 
 .data.rel      0x00000000000226a0      0x164 kernel/global.o
                0x00000000000226a0                task_table
                0x0000000000022780                user_proc_table
                0x00000000000227f8                sys_call_table
 .data          0x0000000000022804        0x0 kernel/protect.o
 .data          0x0000000000022804        0x0 kernel/proc.o
 .data          0x0000000000022804        0x0 kernel/systask.o
 .data          0x0000000000022804        0x0 kernel/hd.o
 .data          0x0000000000022804        0x0 lib/printf.o
 .data          0x0000000000022804        0x0 lib/vsprintf.o
 .data          0x0000000000022804        0x0 lib/klib.o
 .data          0x0000000000022804        0x0 lib/misc.o
 .data          0x0000000000022804        0x0 lib/ls.o
 .data          0x0000000000022804        0x0 lib/open.o
 .data          0x0000000000022804        0x0 lib/read.o
 .data          0x0000000000022804        0x0 lib/write.o
 .data          0x0000000000022804        0x0 lib/close.o
 .data          0x0000000000022804        0x0 lib/unlink.o
 .data          0x0000000000022804        0x0 lib/getpid.o
 .data          0x0000000000022804        0x0 lib/syslog.o
 .data          0x0000000000022804        0x0 lib/exit.o
 .data          0x0000000000022804        0x0 lib/wait.o
 .data          0x0000000000022804        0x0 fs/main.o
 .data          0x0000000000022804        0x0 fs/open.o
 .data          0x0000000000022804        0x0 fs/misc.o
 .data          0x0000000000022804        0x0 fs/read_write.o
 .data          0x0000000000022804        0x0 mm/main.o
 .data          0x0000000000022804        0x0 mm/forkexit.o
 .data          0x0000000000022804        0x0 fs/link.o
 .data          0x0000000000022804        0x0 fs/disklog.o
 *fill*         0x0000000000022804       0x1c 
 .data          0x0000000000022820      0x24c user/app.o
                0x00000000000228d0                num_index
                0x00000000000228d4                op_index
                0x00000000000228d8                bucket_index
                0x00000000000228e0                map
 .data          0x0000000000022a6c        0x0 user/system.o

.data1
 *(.data1)
                0x0000000000022a6c                _edata = .
                [!provide]                        PROVIDE (edata = .)
                0x0000000000022a6c                . = .
                0x0000000000022a6c                __bss_start = .

.bss            0x0000000000022a80    0x2c024
 *(.dynbss)
 *(.bss .bss.* .gnu.linkonce.b.*)
 .bss           0x0000000000022a80      0x800 kernel/kernel.o
 .bss           0x0000000000023280        0x0 kernel/start.o
 .bss           0x0000000000023280        0x0 kernel/main.o
 .bss           0x0000000000023280        0x0 kernel/clock.o
 .bss           0x0000000000023280       0x58 kernel/keyboard.o
 .bss           0x00000000000232d8        0x0 kernel/tty.o
 .bss           0x00000000000232d8        0x0 kernel/console.o
 .bss           0x00000000000232d8        0x0 kernel/i8259.o
 .bss           0x00000000000232d8        0x0 kernel/global.o
 .bss           0x00000000000232d8        0x0 kernel/protect.o
 .bss           0x00000000000232d8        0x0 kernel/proc.o
 .bss           0x00000000000232d8        0x0 kernel/systask.o
 *fill*         0x00000000000232d8        0x8 
 .bss           0x00000000000232e0      0x64c kernel/hd.o
 .bss           0x000000000002392c        0x0 lib/printf.o
 .bss           0x000000000002392c        0x0 lib/vsprintf.o
 .bss           0x000000000002392c        0x0 lib/klib.o
 .bss           0x000000000002392c        0x0 lib/misc.o
 .bss           0x000000000002392c        0x0 lib/ls.o
 .bss           0x000000000002392c        0x0 lib/open.o
 .bss           0x000000000002392c        0x0 lib/read.o
 .bss           0x000000000002392c        0x0 lib/write.o
 .bss           0x000000000002392c        0x0 lib/close.o
 .bss           0x000000000002392c        0x0 lib/unlink.o
 .bss           0x000000000002392c        0x0 lib/getpid.o
 .bss           0x000000000002392c        0x0 lib/syslog.o
 .bss           0x000000000002392c        0x0 lib/exit.o
 .bss           0x000000000002392c        0x0 lib/wait.o
 .bss           0x000000000002392c        0x0 fs/main.o
 .bss           0x000000000002392c        0x0 fs/open.o
 .bss           0x000000000002392c        0x0 fs/misc.o
 .bss           0x000000000002392c        0x0 fs/read_write.o
 .bss           0x000000000002392c        0x0 mm/main.o
 .bss           0x000000000002392c        0x0 mm/forkexit.o
 .bss           0x000000000002392c        0x0 fs/link.o
 *fill*         0x000000000002392c       0x14 
 .bss           0x0000000000023940      0x208 fs/disklog.o
 *fill*         0x0000000000023b48       0x18 
 .bss           0x0000000000023b60      0x288 user/app.o
                0x0000000000023b60                num_stack
                0x0000000000023d00                op_stack
                0x0000000000023d80                bucket_stack
                0x0000000000023de4                current
 .bss           0x0000000000023de8        0x0 user/system.o
 *(COMMON)
 *fill*         0x0000000000023de8       0x18 
 COMMON         0x0000000000023e00    0x2a72c kernel/global.o
                0x0000000000023e00                idt_ptr
                0x0000000000023e20                inode_table
                0x0000000000024920                task_stack
                0x0000000000048920                k_reenter
                0x0000000000048940                gdt
                0x0000000000048d40                current_console
                0x0000000000048d44                pcaller
                0x0000000000048d60                tty_table
                0x00000000000499e0                tss
                0x0000000000049a60                fs_msg
                0x0000000000049a90                memory_size
                0x0000000000049aa0                f_desc_table
                0x0000000000049ea0                root_inode
                0x0000000000049ea4                disp_pos
                0x0000000000049ec0                mm_msg
                0x0000000000049ef0                key_pressed
                0x0000000000049ef4                gdt_ptr
                0x0000000000049f00                idt
                0x000000000004a700                super_block
                0x000000000004a8e0                ticks
                0x000000000004a900                console_table
                0x000000000004a940                irq_table
                0x000000000004a980                p_proc_ready
                0x000000000004a9a0                proc_table
 COMMON         0x000000000004e52c       0x10 kernel/hd.o
                0x000000000004e52c                PARTITION_ENTRY
 *fill*         0x000000000004e53c        0x4 
 COMMON         0x000000000004e540      0x564 user/app.o
                0x000000000004e540                player
                0x000000000004e6a0                sudoku_map
                0x000000000004e800                map_copy
                0x000000000004e960                status
                0x000000000004eaa4                . = ALIGN ((. != 0x0)?0x4:0x1)
                0x000000000004eaa4                . = ALIGN (0x4)
                0x000000000004eaa4                . = SEGMENT_START ("ldata-segment", .)
                0x000000000004eaa4                . = ALIGN (0x4)
                0x000000000004eaa4                _end = .
                [!provide]                        PROVIDE (end = .)
                0x000000000004eaa4                . = DATA_SEGMENT_END (.)

.stab
 *(.stab)

.stabstr
 *(.stabstr)

.stab.excl
 *(.stab.excl)

.stab.exclstr
 *(.stab.exclstr)

.stab.index
 *(.stab.index)

.stab.indexstr
 *(.stab.indexstr)

.comment        0x0000000000000000       0x2a
 *(.comment)
 .comment       0x0000000000000000       0x2a kernel/start.o
                                         0x2b (size before relaxing)
 .comment       0x000000000000002a       0x2b kernel/main.o
 .comment       0x000000000000002a       0x2b kernel/clock.o
 .comment       0x000000000000002a       0x2b kernel/keyboard.o
 .comment       0x000000000000002a       0x2b kernel/tty.o
 .comment       0x000000000000002a       0x2b kernel/console.o
 .comment       0x000000000000002a       0x2b kernel/i8259.o
 .comment       0x000000000000002a       0x2b kernel/global.o
 .comment       0x000000000000002a       0x2b kernel/protect.o
 .comment       0x000000000000002a       0x2b kernel/proc.o
 .comment       0x000000000000002a       0x2b kernel/systask.o
 .comment       0x000000000000002a       0x2b kernel/hd.o
 .comment       0x000000000000002a       0x2b lib/printf.o
 .comment       0x000000000000002a       0x2b lib/vsprintf.o
 .comment       0x000000000000002a       0x2b lib/klib.o
 .comment       0x000000000000002a       0x2b lib/misc.o
 .comment       0x000000000000002a       0x2b lib/ls.o
 .comment       0x000000000000002a       0x2b lib/open.o
 .comment       0x000000000000002a       0x2b lib/read.o
 .comment       0x000000000000002a       0x2b lib/write.o
 .comment       0x000000000000002a       0x2b lib/close.o
 .comment       0x000000000000002a       0x2b lib/unlink.o
 .comment       0x000000000000002a       0x2b lib/getpid.o
 .comment       0x000000000000002a       0x2b lib/syslog.o
 .comment       0x000000000000002a       0x2b lib/exit.o
 .comment       0x000000000000002a       0x2b lib/wait.o
 .comment       0x000000000000002a       0x2b fs/main.o
 .comment       0x000000000000002a       0x2b fs/open.o
 .comment       0x000000000000002a       0x2b fs/misc.o
 .comment       0x000000000000002a       0x2b fs/read_write.o
 .comment       0x000000000000002a       0x2b mm/main.o
 .comment       0x000000000000002a       0x2b mm/forkexit.o
 .comment       0x000000000000002a       0x2b fs/link.o
 .comment       0x000000000000002a       0x2b fs/disklog.o
 .comment       0x000000000000002a       0x2b user/app.o
 .comment       0x000000000000002a       0x2b user/system.o

.gnu.build.attributes
 *(.gnu.build.attributes .gnu.build.attributes.*)

.debug
 *(.debug)

.line
 *(.line)

.debug_srcinfo
 *(.debug_srcinfo)

.debug_sfnames
 *(.debug_sfnames)

.debug_aranges
 *(.debug_aranges)

.debug_pubnames
 *(.debug_pubnames)

.debug_info
 *(.debug_info .gnu.linkonce.wi.*)

.debug_abbrev
 *(.debug_abbrev)

.debug_line
 *(.debug_line .debug_line.* .debug_line_end)

.debug_frame
 *(.debug_frame)

.debug_str
 *(.debug_str)

.debug_loc
 *(.debug_loc)

.debug_macinfo
 *(.debug_macinfo)

.debug_weaknames
 *(.debug_weaknames)

.debug_funcnames
 *(.debug_funcnames)

.debug_typenames
 *(.debug_typenames)

.debug_varnames
 *(.debug_varnames)

.debug_pubtypes
 *(.debug_pubtypes)

.debug_ranges
 *(.debug_ranges)

.debug_macro
 *(.debug_macro)

.debug_addr
 *(.debug_addr)

.gnu.attributes
 *(.gnu.attributes)

/DISCARD/
 *(.note.GNU-stack)
 *(.gnu_debuglink)
 *(.gnu.lto_*)
OUTPUT(kernel.bin elf32-i386)
